// Jest Snapshot v1, https://goo.gl/fbAQLP

exports[`<Player /> renders the <Player /> with bunny video 1`] = `
<div
  class="player__Container-sc-1r332qd-0"
>
  <button
    class="player__Button-sc-1r332qd-3 chWzHD"
  >
    Play
  </button>
</div>
`;
